{
  "Resources": [
    {
      "name": "first",
      "type": "null_resource",
      "agents": [
        {
          "id": "fcb49182-cf17-42f7-9e98-42dc7972d507",
          "name": "main",
          "operating_system": "linux",
          "architecture": "amd64",
          "Auth": {
            "Token": "86fb0f0a-8f20-4662-88f0-9cccb40412d0"
          },
          "connection_timeout_seconds": 120,
          "display_apps": {
            "vscode": true,
            "web_terminal": true,
            "ssh_helper": true,
            "port_forwarding_helper": true
          },
          "resources_monitoring": {},
          "api_key_scope": "all"
        }
      ]
    },
    {
      "name": "second",
      "type": "null_resource"
    }
  ],
  "Parameters": [],
  "Presets": [],
  "ExternalAuthProviders": [],
  "AITasks": [],
  "HasAITasks": false,
  "HasExternalAgents": false
}
