{
  "Resources": [
    {
      "name": "dev1",
      "type": "null_resource",
      "agents": [
        {
          "name": "dev1",
          "operating_system": "linux",
          "architecture": "amd64",
          "Auth": {
            "Token": ""
          },
          "connection_timeout_seconds": 120,
          "display_apps": {
            "vscode": true,
            "web_terminal": true,
            "ssh_helper": true,
            "port_forwarding_helper": true
          },
          "extra_envs": [
            {
              "name": "ENV_1",
              "value": "Env 1"
            },
            {
              "name": "ENV_2",
              "value": "Env 2"
            }
          ],
          "resources_monitoring": {},
          "api_key_scope": "all"
        }
      ]
    },
    {
      "name": "dev2",
      "type": "null_resource",
      "agents": [
        {
          "name": "dev2",
          "operating_system": "linux",
          "architecture": "amd64",
          "Auth": {
            "Token": ""
          },
          "connection_timeout_seconds": 120,
          "display_apps": {
            "vscode": true,
            "web_terminal": true,
            "ssh_helper": true,
            "port_forwarding_helper": true
          },
          "extra_envs": [
            {
              "name": "ENV_3",
              "value": "Env 3"
            }
          ],
          "resources_monitoring": {},
          "api_key_scope": "all"
        }
      ]
    },
    {
      "name": "env1",
      "type": "coder_env"
    },
    {
      "name": "env2",
      "type": "coder_env"
    },
    {
      "name": "env3",
      "type": "coder_env"
    }
  ],
  "Parameters": [],
  "Presets": [],
  "ExternalAuthProviders": [],
  "AITasks": [],
  "HasAITasks": false,
  "HasExternalAgents": false
}
