{
  "_version": "1.1",
  "msg_id": "00000000-0000-0000-0000-000000000000",
  "payload": {
    "_version": "1.2",
    "alert_name": "Task Working",
    "alert_template_id": "00000000-0000-0000-0000-000000000000",
    "user_id": "00000000-0000-0000-0000-000000000000",
    "user_email": "bobby@coder.com",
    "user_name": "Bobby",
    "user_username": "bobby",
    "actions": [
      {
        "label": "View task",
        "url": "http://test.com/tasks/bobby/my-workspace"
      },
      {
        "label": "View workspace",
        "url": "http://test.com/@bobby/my-workspace"
      }
    ],
    "labels": {
      "task": "my-task",
      "workspace": "my-workspace"
    },
    "data": {},
    "targets": null
  },
  "title": "Task 'my-workspace' is working",
  "title_markdown": "Task 'my-workspace' is working",
  "body": "The task 'my-task' transitioned to a working state.",
  "body_markdown": "The task 'my-task' transitioned to a working state."
}