coder v0.0.0-devel

USAGE:
  coder users list [flags]

  Aliases: ls

OPTIONS:
  -c, --column [id|username|email|created at|updated at|status] (default: username,email,created at,status)
          Columns to display in table output.

      --github-user-id int
          Filter users by their GitHub user ID.

  -o, --output table|json (default: table)
          Output format.

———
Run `coder --help` for a list of global options.
