coder v0.0.0-devel

[93mUSAGE:[0m
  coder templates list [flags]

  List all the templates available for the organization

  Aliases: ls

[93mOPTIONS:[0m
  [96m-[0m[96mc[0m, [96m--[0m[96mcolumn[0m string-array (default: name,last updated,used by)
          Columns to display in table output. Available columns: name, created
          at, last updated, organization id, provisioner, active version id,
          used by, default ttl.

  [96m-[0m[96mo[0m, [96m--[0m[96moutput[0m string (default: table)
          Output format. Available formats: table, json.

———
Run `coder --help` for a list of global options.
