coder v0.0.0-devel

USAGE:
  coder templates pull [flags] <name> [destination]

  Download the active, latest, or specified version of a template to a path.

OPTIONS:
  -O, --org string, $CODER_ORGANIZATION
          Select which organization (uuid or name) to use.

      --tar bool
          Output the template as a tar archive to stdout.

      --version string
          The name of the template version to pull. Use 'active' to pull the
          active version, 'latest' to pull the latest version, or the name of
          the template version to pull.

  -y, --yes bool
          Run in non-interactive mode. Accepts default values and fails on
          required inputs.

      --zip bool
          Output the template as a zip archive to stdout.

———
Run `coder --help` for a list of global options.
