Encountered an error running "coder exp example-error multi-error", see "coder exp example-error multi-error --help" for more information
error: 3 errors encountered: Trace=[wrapped: ])
1.  first error: function decided not to work, and it never will
2.  second error: function decided not to work, and it never will
3.  Trace=[wrapped api error: ]
    Top level sdk error message.
    magic dust unavailable, please try again later
