Usage: coder publickey [flags]

Output your Coder public key used for Git operations

Aliases: pubkey

[1mOptions[0m
      --reset
          Regenerate your public key. This will require updating the key on any
          services it's registered with.

  -y, --yes
          Bypass prompts.

---
Run `coder --help` for a list of global options.
