coder v0.0.0-devel

USAGE:
  coder templates versions diff [flags] <template>

  Compare two versions of a template

    - Compare two specific versions of a template:
  
       $ coder templates versions diff my-template --from v1 --to v2
  
    - Compare a version against the active version:
  
       $ coder templates versions diff my-template --from v1
  
    - Interactive: select versions to compare:
  
       $ coder templates versions diff my-template

OPTIONS:
  -O, --org string, $CODER_ORGANIZATION
          Select which organization (uuid or name) to use.

      --from string
          The base version to compare from.

      --to string
          The target version to compare to (defaults to active version).

———
Run `coder --help` for a list of global options.
