coder v0.0.0-devel

[93mUSAGE:[0m
  coder schedule override-stop <workspace-name> <duration from now>

  Override the stop time of a currently running workspace instance.

      * The new stop time is calculated from *now*.
    * The new stop time must be at least 30 minutes in the future.
    * The workspace template may restrict the maximum workspace runtime.
  
   $ coder schedule override-stop my-workspace 90m

———
Run `coder --help` for a list of global options.
