coder v0.0.0-devel

USAGE:
  coder exp sync want <unit> <depends-on>

  Declare that a unit depends on another unit completing before it can start

  Declare that a unit depends on another unit completing before it can start.
  The unit specified first will not start until the second has signaled that it
  has completed.

———
Run `coder --help` for a list of global options.
