Usage: coder templates

Manage templates

Templates are written in standard Terraform and describe the infrastructure for
workspaces
  - Create a template for developers to create workspaces.:                     

      $ coder templates create 

  - Make changes to your template, and plan the changes.:                       

      $ coder templates plan my-template 

  - Push an update to the template. Your developers can update their            
    workspaces.:                                                                

      $ coder templates push my-template

Subcommands
    create      Create a template from the current directory or as specified by
                flag
    edit        Edit the metadata of a template by name.
    init        Get started with a templated template.
    list        List all the templates available for the organization
    plan        Plan a template push from the current directory
    push        Push a new template version from the current directory or as
                specified by flag
    versions    Manage different versions of the specified template
    delete      Delete templates
    pull        Download the latest version of a template to a path.
---
Run `coder --help` for a list of global options.
