coder v0.0.0-devel

USAGE:
  coder secrets create [flags] <name>

  Create a new user secret

OPTIONS:
      --description string
          Description of the secret.

      --env_name string
          Environment variable name of the secret.

      --file_path string
          File path of the secret.

      --value string
          Value of the secret (required).

———
Run `coder --help` for a list of global options.
