coder v0.0.0-devel

USAGE:
  coder users list [flags]

  Aliases: ls

OPTIONS:
  -c, --column string-array (default: username,email,created_at,status)
          Columns to display in table output. Available columns: id, username,
          email, created at, status.

  -o, --output string (default: table)
          Output format. Available formats: table, json.

———
Run `coder --help` for a list of global options.
