coder v0.0.0-devel

USAGE:
  coder exp chat context add <path>

  Register a workspace context source

  Register a path as an additional context source on this workspace's agent. The
  agent treats it as an extra scan root: top-level AGENTS.md / CLAUDE.md /
  .cursorrules, .agents/skills/<name>/SKILL.md, and .mcp.json are picked up now
  and as they appear. Any change to a recognized file dirties this workspace's
  chats until you refresh.
  
  A path may be a file or a directory. Must be run from inside the workspace.

———
Run `coder --help` for a list of global options.
