coder v0.0.0-devel

USAGE:
  coder secret

  Manage secrets

  Aliases: secrets

    - Create a secret:
  
       $ printf %s "$MYCLI_API_KEY" | coder secret create api-key --description
  "API key for workspace tools" --env API_KEY --file "~/.api-key"
  
    - Update a secret:
  
       $ echo -n "$NEW_SECRET_VALUE" | coder secret update api-key --description
  "Rotated API key" --env API_KEY --file "~/.api-key"
  
    - List your secrets:
  
       $ coder secret list
  
    - Show a specific secret:
  
       $ coder secret list api-key
  
    - Delete a secret:
  
       $ coder secret delete api-key

SUBCOMMANDS:
    create    Create a secret
    delete    Delete a secret
    list      List secrets, or show one by name
    update    Update a secret

———
Run `coder --help` for a list of global options.
