coder v0.0.0-devel

USAGE:
  coder exp sync want <unit> <depends-on> [depends-on...]

  Declare that a unit depends on other units completing before it can start

  Declare that a unit depends on one or more other units completing before it
  can start. The unit specified first will not start until all subsequent units
  have signaled that they have completed.

———
Run `coder --help` for a list of global options.
