coder v0.0.0-devel

USAGE:
  coder api <api-path>

  Make requests to the Coder API

  Make an authenticated API request using your current Coder CLI token.
  
  Examples:
    coder api workspacebuilds/my-build/logs
  This will perform a GET request to /api/v2/workspacebuilds/my-build/logs on
  the connected Coder server.
  
    coder api users/me
  This will perform a GET request to /api/v2/users/me on the connected Coder
  server.
  
  Consult the API documentation for more information -
  https://coder.com/docs/reference/api.

———
Run `coder --help` for a list of global options.
