coder v0.0.0-devel

USAGE:
  coder templates push [flags] [template]

  Create or update a template from the current directory or as specified by flag

OPTIONS:
      --activate bool (default: true)
          Whether the new template will be marked active.

      --always-prompt bool
          Always prompt all parameters. Does not pull parameter values from
          active template version.

  -d, --directory string (default: .)
          Specify the directory to create from, use '-' to read tar from stdin.

      --ignore-lockfile bool (default: false)
          Ignore warnings about not having a .terraform.lock.hcl file present in
          the template.

  -m, --message string
          Specify a message describing the changes in this version of the
          template. Messages longer than 72 characters will be displayed as
          truncated.

      --name string
          Specify a name for the new template version. It will be automatically
          generated if not provided.

      --provisioner-tag string-array
          Specify a set of tags to target provisioner daemons.

      --var string-array
          Alias of --variable.

      --variable string-array
          Specify a set of values for Terraform-managed variables.

      --variables-file string
          Specify a file path with values for Terraform-managed variables.

  -y, --yes bool
          Bypass prompts.

———
Run `coder --help` for a list of global options.
