coder v0.0.0-devel

USAGE:
  coder stop [flags] <workspace>

  Stop a workspace

OPTIONS:
      --debug-provisioner bool
          Sets the provisioner log level to debug.
          This will print additional information about the build process.
          This is useful for troubleshooting build issues.

  -y, --yes bool
          Bypass prompts.

———
Run `coder --help` for a list of global options.
