coder v0.0.0-devel

USAGE:
  coder secret

  Manage secrets

  Aliases: secrets

    - Create a secret:
  
       $ coder secret create api-key --value "$SECRET_VALUE" --description "API
  key for workspace tools" --inject-env API_KEY --inject-file "~/.api-key"
  
    - Update a secret:
  
       $ coder secret update api-key --value "$NEW_SECRET_VALUE" --description
  "Rotated API key" --inject-env API_KEY --inject-file "~/.api-key"
  
    - List your secrets:
  
       $ coder secret list
  
    - Show a specific secret:
  
       $ coder secret list api-key
  
    - Delete a secret:
  
       $ coder secret delete api-key

SUBCOMMANDS:
    create    Create a secret
    delete    Delete a secret
    list      List secrets, or show one by name
    update    Update a secret

———
Run `coder --help` for a list of global options.
