coder v0.0.0-devel

USAGE:
  coder secret list [flags] [name]

  List secrets, or show one by name

  Aliases: ls

OPTIONS:
  -c, --column [name|updated|env|file|description] (default: name,updated,env,file,description)
          Columns to display in table output.

  -o, --output table|json (default: table)
          Output format.

———
Run `coder --help` for a list of global options.
