coder v0.0.0-devel

USAGE:
  coder stop [flags] <workspace>

  Stop a workspace

OPTIONS:
      --log-buffer-size int, $CODER_LOG_BUFFER_SIZE (default: 1000)
          Number of log entries below the current log level to keep in memory
          and emit on errors. Set to 0 to disable buffering.

      --log-dir string, $CODER_LOG_DIR
          Directory to write session diagnostic log files to. Defaults to the
          user state directory.

  -y, --yes bool
          Bypass confirmation prompts.

———
Run `coder --help` for a list of global options.
