Usage: coder tokens

Manage personal access tokens

Aliases: token

Tokens are used to authenticate automated clients to Coder.
  - Create a token for automation:                                              

      [;m$ coder tokens create[0m 

  - List your tokens:                                                           

      [;m$ coder tokens ls[0m 

  - Remove a token by ID:                                                       

      [;m$ coder tokens rm WuoWs4ZsMX[0m

[1mSubcommands[0m
    create    Create a token
    list      List tokens
    remove    Delete a token

---
Run `coder --help` for a list of global options.
