coder v0.0.0-devel

USAGE:
  coder publickey [flags]

  Output your Coder public key used for Git operations

  Aliases: pubkey

OPTIONS:
      --reset bool
          Regenerate your public key. This will require updating the key on any
          services it's registered with.

  -y, --yes bool
          Bypass prompts.

———
Run `coder --help` for a list of global options.
