coder v0.0.0-devel

USAGE:
  coder secret create [flags] <name>

  Create a secret

  Provide the secret value with --value, --value-env, or non-interactive stdin
  (pipe or redirect).

OPTIONS:
      --description string
          Set the secret description.

      --env string
          Inject the secret into workspaces as an environment variable.

      --file string
          Inject the secret into workspaces as a file.

      --trim-trailing-newline bool
          Trim a single trailing newline from stdin-provided secret values.

      --value string
          Set the secret value. For security reasons, prefer --value-env or
          non-interactive stdin (pipe or redirect).

      --value-env string
          Read the secret value from the named environment variable.

———
Run `coder --help` for a list of global options.
