coder v0.0.0-devel

USAGE:
  coder tokens list [flags]

  List tokens

  Aliases: ls

OPTIONS:
  -a, --all bool
          Specifies whether all users' tokens will be listed or not (must have
          Owner role to see all tokens).

  -c, --column string-array (default: id,name,last used,expires at,created at)
          Columns to display in table output. Available columns: id, name, last
          used, expires at, created at, owner.

  -o, --output string (default: table)
          Output format. Available formats: table, json.

———
Run `coder --help` for a list of global options.
