coder v0.0.0-devel

USAGE:
  coder speedtest [flags] <workspace>

  Run upload and download tests from your machine to a workspace

OPTIONS:
  -d, --direct bool
          Specifies whether to wait for a direct connection before testing
          speed.

      --direction up|down (default: down)
          Specifies whether to run in reverse mode where the client receives and
          the server sends.

  -t, --time duration (default: 5s)
          Specifies the duration to monitor traffic.

———
Run `coder --help` for a list of global options.
