coder v0.0.0-devel

[93mUSAGE:[0m
  coder tokens

  Manage personal access tokens

  Aliases: token

  Tokens are used to authenticate automated clients to Coder.
    - Create a token for automation:
  
       $ coder tokens create
  
    - List your tokens:
  
       $ coder tokens ls
  
    - Remove a token by ID:
  
       $ coder tokens rm WuoWs4ZsMX

[93mSUBCOMMANDS:[0m
    create    Create a token
    list      List tokens
    remove    Delete a token

———
Run `coder --help` for a list of global options.
