[
  {
    "id": "==========[version job ID]==========",
    "created_at": "====[timestamp]=====",
    "started_at": "====[timestamp]=====",
    "completed_at": "====[timestamp]=====",
    "status": "succeeded",
    "worker_id": "====[workspace build worker ID]=====",
    "worker_name": "test-daemon",
    "file_id": "=====[workspace build file ID]======",
    "tags": {
      "owner": "",
      "scope": "organization"
    },
    "queue_position": 0,
    "queue_size": 0,
    "organization_id": "===========[first org ID]===========",
    "initiator_id": "==========[first user ID]===========",
    "input": {
      "template_version_id": "============[version ID]============"
    },
    "type": "template_version_import",
    "metadata": {
      "template_version_name": "===========[version name]===========",
      "template_id": "===========[template ID]============",
      "template_name": "test-template",
      "template_display_name": "",
      "template_icon": ""
    },
    "logs_overflowed": false,
    "organization_name": "Coder"
  },
  {
    "id": "======[workspace build job ID]======",
    "created_at": "====[timestamp]=====",
    "started_at": "====[timestamp]=====",
    "completed_at": "====[timestamp]=====",
    "status": "succeeded",
    "worker_id": "====[workspace build worker ID]=====",
    "worker_name": "test-daemon",
    "file_id": "=====[workspace build file ID]======",
    "tags": {
      "owner": "",
      "scope": "organization"
    },
    "queue_position": 0,
    "queue_size": 0,
    "organization_id": "===========[first org ID]===========",
    "initiator_id": "==========[first user ID]===========",
    "input": {
      "workspace_build_id": "========[workspace build ID]========"
    },
    "type": "workspace_build",
    "metadata": {
      "template_version_name": "===========[version name]===========",
      "template_id": "===========[template ID]============",
      "template_name": "test-template",
      "template_display_name": "",
      "template_icon": "",
      "workspace_id": "===========[workspace ID]===========",
      "workspace_name": "test-workspace"
    },
    "logs_overflowed": false,
    "organization_name": "Coder"
  }
]
