coder v0.0.0-devel

USAGE:
  coder delete [flags] <workspace>

  Delete a workspace

  Aliases: rm

OPTIONS:
      --debug-provisioner bool
          Sets the provisioner log level to debug.
          This will print additional information about the build process.
          This is useful for troubleshooting build issues.

      --orphan bool
          Delete a workspace without deleting its resources. This can delete a
          workspace in a broken state, but may also lead to unaccounted cloud
          resources.

  -y, --yes bool
          Bypass prompts.

———
Run `coder --help` for a list of global options.
