coder v0.0.0-devel

USAGE:
  coder templates init [flags] [directory]

  Get started with a templated template.

OPTIONS:
      --id aws-ecs-container|aws-linux|aws-windows|azure-linux|do-linux|docker|docker-with-dotfiles|gcp-linux|gcp-vm-container|gcp-windows|kubernetes
          Specify a given example template by ID.

———
Run `coder --help` for a list of global options.
