coder v0.0.0-devel

[93mUSAGE:[0m
  coder reset-password [flags] <username>

  Directly connect to the database to reset a user's password

[93mOPTIONS:[0m
      [94m--[0m[94mpostgres-url[0m string, [94m$CODER_PG_CONNECTION_URL[0m
          URL of a PostgreSQL database to connect to.

———
Run `coder --help` for a list of global options.
