coder v0.0.0-devel

USAGE:
  coder secret update [flags] <name>

  Update a secret

  At least one of --value, --description, --env, or --file must be specified.
  Provide the secret value by at most one of --value or non-interactive stdin
  (pipe or redirect).

OPTIONS:
      --description string
          Update the secret description. Pass an empty string to clear it.

      --env string
          Name of the workspace environment variable that this secret will set.
          Pass an empty string to clear it.

      --file string
          Workspace file path where this secret will be written. Must start with
          ~/ or /. Pass an empty string to clear it.

      --value string
          Update the secret value. For security reasons, prefer non-interactive
          stdin (pipe or redirect).

———
Run `coder --help` for a list of global options.
