coder v0.0.0-devel

USAGE:
  coder list [flags]

  List workspaces

  Aliases: ls

OPTIONS:
  -a, --all bool
          Specifies whether all workspaces will be listed or not.

  -c, --column string-array (default: workspace,template,status,healthy,last built,current version,outdated,starts at,stops after)
          Columns to display in table output. Available columns: favorite,
          workspace, template, status, healthy, last built, current version,
          outdated, starts at, starts next, stops after, stops next, daily cost.

  -o, --output string (default: table)
          Output format. Available formats: table, json.

      --search string (default: owner:me)
          Search for a workspace with a query.

———
Run `coder --help` for a list of global options.
