coder v0.0.0-devel

USAGE:
  coder secret

  Manage personal secrets

  Aliases: secrets

    - Create a secret:
  
       $ coder secret create openai-key --value "$SECRET_VALUE" --description
  "Personal OPENAI_API key" --inject-env OPEN_AI_KEY --inject-file ~/.openai-key
  
    - Update a secret:
  
       $ coder secret update openai-key --value "$NEW_SECRET_VALUE"
  --description "Updated description" --inject-env NEW_ENV_NAME --inject-file
  ~/.new-path
  
    - List your secrets:
  
       $ coder secret list
  
    - Show a specific secret:
  
       $ coder secret list openai-key
  
    - Delete a secret:
  
       $ coder secret delete openai-key

SUBCOMMANDS:
    create    Create a secret
    delete    Delete a secret
    list      List secrets, or show one by name
    update    Update a secret

———
Run `coder --help` for a list of global options.
