Usage: coder templates pull <name> [destination]

Download the latest version of a template to a path.

Options
    --tar (default: false) 
        Output the template as a tar archive to stdout.

    --yes, -y
        Bypass prompts.

---
Report bugs and request features at https://github.com/coder/coder/issues/new
