coder v0.0.0-devel

USAGE:
  coder task delete [flags] <task> [<task> ...]

  Delete tasks

  Aliases: rm

    - Delete a single task.:
  
       $ $ coder task delete task1
  
    - Delete multiple tasks.:
  
       $ $ coder task delete task1 task2 task3
  
    - Delete a task without confirmation.:
  
       $ $ coder task delete task4 --yes

OPTIONS:
  -y, --yes bool
          Run in non-interactive mode. Accepts default values and fails on
          required inputs.

———
Run `coder --help` for a list of global options.
