coder v0.0.0-devel

USAGE:
  coder delete [flags] <workspace>

  Delete a workspace

  Aliases: rm

    - Delete a workspace for another user (if you have permission):
  
       $ coder delete <username>/<workspace_name>

OPTIONS:
      --orphan bool
          Delete a workspace without deleting its resources. This can delete a
          workspace in a broken state, but may also lead to unaccounted cloud
          resources.

  -y, --yes bool
          Bypass prompts.

———
Run `coder --help` for a list of global options.
