coder v0.0.0-devel

USAGE:
  coder organizations edit [flags]

  Edit organization settings.

    - Replace the roles every member of the organization holds:
  
       $ coder organizations edit --default-org-member-roles
  organization-workspace-access,agents-access,organization-template-admin
  
    - Restrict Coder Agents to members granted agents-access explicitly:
  
       $ coder organizations edit --default-org-member-roles
  organization-workspace-access
  
    - Grant members no roles at all:
  
       $ coder organizations edit --default-org-member-roles ""

OPTIONS:
  -O, --org string, $CODER_ORGANIZATION
          Select which organization (uuid or name) to use.

      --default-org-member-roles string-array
          Replaces the roles every member of the organization holds. Accepts a
          comma-separated list and may be repeated. An empty value removes every
          role. New organizations start with organization-workspace-access,
          which grants members access to their own workspaces, and
          agents-access, which grants members access to Coder Agents.

  -y, --yes bool
          Bypass confirmation prompts.

———
Run `coder --help` for a list of global options.
