coder v0.0.0-devel

USAGE:
  coder users edit-roles [flags] <username|user_id>

  Edit a user's roles by username or id

    - --roles replaces the user's full set of site roles; any role not listed is
  removed:
  
       $ coder users edit-roles example_user --roles owner user-admin

OPTIONS:
      --roles string-array
          Replaces the user's full set of site roles with this list. Any
          existing role not included here is removed.

  -y, --yes bool
          Bypass confirmation prompts.

———
Run `coder --help` for a list of global options.
