CREATED AT            ID                                    TYPE                     TEMPLATE DISPLAY NAME  STATUS     QUEUE  TAGS                            
====[timestamp]=====  ==========[version job ID]==========  template_version_import                         succeeded         map[owner: scope:organization]  
====[timestamp]=====  ======[workspace build job ID]======  workspace_build                                 succeeded         map[owner: scope:organization]  
