coder v0.0.0-devel

USAGE:
  coder users [subcommand]

  Manage users

  Aliases: user

SUBCOMMANDS:
    activate    Update a user's status to 'active'. Active users can fully
                interact with the platform
    create      
    delete      Delete a user by username or user_id.
    list        
    show        Show a single user. Use 'me' to indicate the currently
                authenticated user.
    suspend     Update a user's status to 'suspended'. A suspended user cannot
                log into the platform

———
Run `coder --help` for a list of global options.
