ID                                    CREATED AT            STATUS     TAGS                            TYPE                     ORGANIZATION  QUEUE  
==========[version job ID]==========  ====[timestamp]=====  succeeded  map[owner: scope:organization]  template_version_import  Coder                
======[workspace build job ID]======  ====[timestamp]=====  succeeded  map[owner: scope:organization]  workspace_build          Coder                
