usage: scaletest cleanup

Cleanup any orphaned scaletest resourcesCleanup scaletest workspaces, then cleanup scaletest users. The strategy flags
will apply to each stage of the cleanup process.
 
Options
 
    --cleanup-concurrency, $CODER_LOADTEST_CLEANUP_CONCURRENCY  (default: 1) 
    Number of concurrent cleanup jobs to run. 0 means unlimited.

    --cleanup-timeout, $CODER_LOADTEST_CLEANUP_TIMEOUT  (default: 30m) 
    Timeout for the entire cleanup run. 0 means unlimited.

    --cleanup-job-timeout, $CODER_LOADTEST_CLEANUP_JOB_TIMEOUT  (default: 5m) 
    Timeout per job. Jobs may take longer to complete under higher concurrency
    limits.

