coder v0.0.0-devel

USAGE:
  coder secret list [flags] [name]

  List secrets, or show one by name

  Aliases: ls

  Secret values are omitted from the output.
  
  When listing all secrets inside a workspace, or with --workspace or
  --build-id, the workspace build's secrets are included and the source and
  "replaced by" columns are shown by default. If a build secret uses the same
  env var or file as a user secret, the user secret is not delivered on that
  target and its "replaced by" column names the build secret, for example "env:
  github-token".

OPTIONS:
      --build-id string
          Include the secrets of this workspace build. Takes precedence over
          --workspace.

  -c, --column [created|name|updated|source|env|file|enabled|replaced by|ephemeral|description] (default: name,created,updated,env,file,enabled,description)
          Columns to display in table output.

  -o, --output table|json (default: table)
          Output format.

      --workspace string
          Include the secrets of this workspace's latest build. Inside a
          workspace, the default is the build the workspace agent was started
          from.

———
Run `coder --help` for a list of global options.
