Usage: coder users show [flags] <username|user_id|'me'>

Show a single user. Use 'me' to indicate the currently authenticated user.

$ coder users show me

[1mOptions[0m
  -o, --output string (default: table)
          Output format. Available formats: table, json.

---
Run `coder --help` for a list of global options.
