coder v0.0.0-devel

USAGE:
  coder login [flags] [<url>]

  Authenticate with Coder deployment

OPTIONS:
      --first-user-email string, $CODER_FIRST_USER_EMAIL
          Specifies an email address to use if creating the first user for the
          deployment.

      --first-user-full-name string, $CODER_FIRST_USER_FULL_NAME
          Specifies a human-readable name for the first user of the deployment.

      --first-user-password string, $CODER_FIRST_USER_PASSWORD
          Specifies a password to use if creating the first user for the
          deployment.

      --first-user-trial bool, $CODER_FIRST_USER_TRIAL
          Specifies whether a trial license should be provisioned for the Coder
          deployment or not.

      --first-user-username string, $CODER_FIRST_USER_USERNAME
          Specifies a username to use if creating the first user for the
          deployment.

      --use-token-as-session bool
          By default, the CLI will generate a new session token when logging in.
          This flag will instead use the provided token as the session token.

———
Run `coder --help` for a list of global options.
