{
  "_version": "1.1",
  "notification_name": "User account created",
  "notification_template_id": "4e19c0ac-94e1-4532-9515-d1801aa283b2",
  "user_id": "00000000-0000-0000-0000-000000000000",
  "user_email": "bobby@coder.com",
  "user_name": "Bobby",
  "user_username": "bobby",
  "actions": [
    {
      "label": "View accounts",
      "url": "http://test.com/deployment/users?filter=status%3Aactive"
    }
  ],
  "labels": {
    "_body": "Hi Bobby,\n\nNew user account **bobby** has been created.\n\nThis new user account was created for **William Tables** by **rob**.",
    "_title": "User account \"bobby\" created",
    "account_creator": "rob",
    "created_account_name": "bobby",
    "created_account_user_name": "William Tables"
  },
  "data": null
}