{
  "_version": "1.1",
  "notification_name": "Workspace Updated Automatically",
  "notification_template_id": "c34a0c09-0704-4cac-bd1c-0c0146811c2b",
  "user_id": "00000000-0000-0000-0000-000000000000",
  "user_email": "bobby@coder.com",
  "user_name": "Bobby",
  "user_username": "bobby",
  "actions": [
    {
      "label": "View workspace",
      "url": "http://test.com/@bobby/bobby-workspace"
    }
  ],
  "labels": {
    "_body": "Hi Bobby,\n\nYour workspace **bobby-workspace** has been updated automatically to the latest template version (1.0).\n\nReason for update: **template now includes catnip**.",
    "_title": "Workspace \"bobby-workspace\" updated automatically",
    "name": "bobby-workspace",
    "template_version_message": "template now includes catnip",
    "template_version_name": "1.0"
  },
  "data": null
}