{
  "_version": "1.1",
  "notification_name": "User account suspended",
  "notification_template_id": "b02ddd82-4733-4d02-a2d7-c36f3598997d",
  "user_id": "4a89cdf1-b8b0-46a0-8c32-2656520b8b8c",
  "user_email": "testuser@coder.com",
  "user_name": "Test User",
  "user_username": "testuser",
  "actions": [
    {
      "label": "View suspended accounts",
      "url": "http://test.com/deployment/users?filter=status%3Asuspended"
    }
  ],
  "labels": {
    "_body": "Hi Test User,\n\nUser account **bobby** has been suspended.\n\nThe newly suspended account belongs to **william tables** and was suspended by **rob**.",
    "_title": "User account \"bobby\" suspended",
    "account_suspender_user_name": "rob",
    "suspended_account_name": "bobby",
    "suspended_account_user_name": "william tables"
  },
  "data": null
}