{
  "_version": "1.1",
  "notification_name": "Template Deleted",
  "notification_template_id": "29a09665-2a4c-403f-9648-54301670e7be",
  "user_id": "00000000-0000-0000-0000-000000000000",
  "user_email": "bobby@coder.com",
  "user_name": "Bobby",
  "user_username": "bobby",
  "actions": [
    {
      "label": "View templates",
      "url": "http://test.com/templates"
    }
  ],
  "labels": {
    "_body": "Hi Bobby,\n\nThe template **bobby-template** was deleted by **rob**.\n\nThe template's display name was **Bobby's Template**.",
    "_title": "Template \"bobby-template\" deleted",
    "display_name": "Bobby's Template",
    "initiator": "rob",
    "name": "bobby-template"
  },
  "data": null
}