{
  "_version": "1.1",
  "notification_name": "Your account has been suspended",
  "notification_template_id": "6a2f0609-9b69-4d36-a989-9f5925b6cbff",
  "user_id": "efa9b662-1c70-45b9-b1c5-830ba6f05222",
  "user_email": "testuser@coder.com",
  "user_name": "Test User",
  "user_username": "testuser",
  "actions": [],
  "labels": {
    "_body": "Hi Test User,\n\nYour account **bobby** has been suspended by **rob**.",
    "_title": "Your account \"bobby\" has been suspended",
    "account_suspender_user_name": "rob",
    "suspended_account_name": "bobby"
  },
  "data": null
}