{
  "_version": "1.1",
  "notification_name": "Workspace Autobuild Failed",
  "notification_template_id": "381df2a9-c0c0-4749-420f-80a9280c66f9",
  "user_id": "00000000-0000-0000-0000-000000000000",
  "user_email": "bobby@coder.com",
  "user_name": "Bobby",
  "user_username": "bobby",
  "actions": [
    {
      "label": "View workspace",
      "url": "http://test.com/@bobby/bobby-workspace"
    }
  ],
  "labels": {
    "_body": "Hi Bobby,\n\nAutomatic build of your workspace **bobby-workspace** failed.\n\nThe specified reason was \"**autostart**\".",
    "_title": "Workspace \"bobby-workspace\" autobuild failed",
    "name": "bobby-workspace",
    "reason": "autostart"
  },
  "data": null
}