Hi bobby,

Template Bobby First Template has failed to build 4/55 times over the last week and may be unstable.

**Report:**


  **bobby-template-version-1** failed 3 times:
  

  **bobby-template-version-2** failed 1 time:
  


We recommend reviewing these issues to ensure future builds are successful.