{
  "_version": "1.1",
  "msg_id": "00000000-0000-0000-0000-000000000000",
  "payload": {
    "_version": "1.2",
    "notification_name": "Workspace Marked for Deletion",
    "notification_template_id": "00000000-0000-0000-0000-000000000000",
    "user_id": "00000000-0000-0000-0000-000000000000",
    "user_email": "bobby@coder.com",
    "user_name": "Bobby",
    "user_username": "bobby",
    "actions": [
      {
        "label": "View workspace",
        "url": "http://test.com/@bobby/bobby-workspace"
      }
    ],
    "labels": {
      "dormancyHours": "24",
      "name": "bobby-workspace",
      "reason": "template updated to new dormancy policy",
      "timeTilDormant": "24 hours"
    },
    "data": null,
    "targets": null
  },
  "title": "Workspace \"bobby-workspace\" marked for deletion",
  "title_markdown": "Workspace \"bobby-workspace\" marked for deletion",
  "body": "Your workspace bobby-workspace has been marked for deletion after 24 hours of dormancy (https://coder.com/docs/templates/schedule#dormancy-auto-deletion-enterprise) because of template updated to new dormancy policy.\nTo prevent deletion, use your workspace with the link below.",
  "body_markdown": "Your workspace **bobby-workspace** has been marked for **deletion** after 24 hours of [dormancy](https://coder.com/docs/templates/schedule#dormancy-auto-deletion-enterprise) because of template updated to new dormancy policy.\nTo prevent deletion, use your workspace with the link below."
}