{
  "_version": "1.1",
  "msg_id": "00000000-0000-0000-0000-000000000000",
  "payload": {
    "_version": "1.1",
    "notification_name": "User account deleted",
    "notification_template_id": "00000000-0000-0000-0000-000000000000",
    "user_id": "00000000-0000-0000-0000-000000000000",
    "user_email": "bobby@coder.com",
    "user_name": "Bobby",
    "user_username": "bobby",
    "actions": [
      {
        "label": "View accounts",
        "url": "http://test.com/deployment/users?filter=status%3Aactive"
      }
    ],
    "labels": {
      "deleted_account_name": "bobby",
      "deleted_account_user_name": "William Tables",
      "initiator": "rob"
    },
    "data": null,
    "targets": null
  },
  "title": "User account \"bobby\" deleted",
  "title_markdown": "User account \"bobby\" deleted",
  "body": "User account bobby has been deleted.\n\nThe deleted account belonged to William Tables and was deleted by rob.",
  "body_markdown": "User account **bobby** has been deleted.\n\nThe deleted account belonged to **William Tables** and was deleted by **rob**."
}