{
  "_version": "1.1",
  "msg_id": "00000000-0000-0000-0000-000000000000",
  "payload": {
    "_version": "1.2",
    "notification_name": "Report: Unpriced AI Models",
    "notification_template_id": "00000000-0000-0000-0000-000000000000",
    "user_id": "00000000-0000-0000-0000-000000000000",
    "user_email": "bobby@coder.com",
    "user_name": "Bobby",
    "user_username": "bobby",
    "actions": [
      {
        "label": "Configure model prices",
        "url": "https://coder.com/docs/ai-coder/ai-gateway/cost-controls#configure-model-prices"
      }
    ],
    "labels": {},
    "data": {
      "models": [
        {
          "model": "claude-opus-4-8",
          "provider": "anthropic"
        },
        {
          "model": "gpt-5.7",
          "provider": "openai"
        },
        {
          "model": "z-ai/glm-5.4",
          "provider": "openrouter"
        }
      ],
      "overflow_count": 12,
      "report_frequency": "week"
    },
    "targets": null
  },
  "title": "AI models used without a price",
  "title_markdown": "AI models used without a price",
  "body": "The following models were used in the last week without a price. Their token usage is recorded, but it adds nothing to spend, so it is neither reported nor enforced against any budget.\n\nanthropic/claude-opus-4-8\nopenai/gpt-5.7\nopenrouter/z-ai/glm-5.4\n\n...and 12 more.\n\nSet a price for these models to bring their usage into spend reporting.",
  "body_markdown": "The following models were used in the last week without a price. Their token usage is recorded, but it adds nothing to spend, so it is neither reported nor enforced against any budget.\n\n\n* anthropic/claude-opus-4-8\n* openai/gpt-5.7\n* openrouter/z-ai/glm-5.4\n\n...and 12 more.\n\nSet a price for these models to bring their usage into spend reporting."
}