{
  "_version": "1.1",
  "msg_id": "82610ed1-3183-458f-8511-bb2783949df6",
  "payload": {
    "_version": "1.1",
    "notification_name": "User account suspended",
    "notification_template_id": "b02ddd82-4733-4d02-a2d7-c36f3598997d",
    "user_id": "f6f64453-a003-49ea-9798-b95f806a05ef",
    "user_email": "bobby@coder.com",
    "user_name": "Bobby",
    "user_username": "bobby",
    "actions": [
      {
        "label": "View suspended accounts",
        "url": "http://test.com/deployment/users?filter=status%3Asuspended"
      }
    ],
    "labels": {
      "account_suspender_user_name": "rob",
      "suspended_account_name": "bobby",
      "suspended_account_user_name": "william tables"
    },
    "data": null
  },
  "title": "User account \"bobby\" suspended",
  "title_markdown": "User account \"bobby\" suspended",
  "body": "Hi Bobby,\n\nUser account bobby has been suspended.\n\nThe newly suspended account belongs to william tables and was suspended by rob.",
  "body_markdown": "Hi Bobby,\n\nUser account **bobby** has been suspended.\n\nThe newly suspended account belongs to **william tables** and was suspended by **rob**."
}