{
  "_version": "1.1",
  "msg_id": "00000000-0000-0000-0000-000000000000",
  "payload": {
    "_version": "1.2",
    "notification_name": "User account created",
    "notification_template_id": "00000000-0000-0000-0000-000000000000",
    "user_id": "00000000-0000-0000-0000-000000000000",
    "user_email": "bobby@coder.com",
    "user_name": "Bobby",
    "user_username": "bobby",
    "actions": [
      {
        "label": "View accounts",
        "url": "http://test.com/deployment/users?filter=status%3Aactive"
      }
    ],
    "labels": {
      "account_type": "service",
      "created_account_name": "ci-bot",
      "initiator": "rob"
    },
    "data": null,
    "targets": null
  },
  "title": "Service account \"ci-bot\" created",
  "title_markdown": "Service account \"ci-bot\" created",
  "body": "New service account ci-bot has been created.\n\nThis new service account was created by rob.",
  "body_markdown": "New service account **ci-bot** has been created.\n\nThis new service account was created by **rob**."
}