{
  "_version": "1.1",
  "msg_id": "00000000-0000-0000-0000-000000000000",
  "payload": {
    "_version": "1.2",
    "notification_name": "Your account has been suspended",
    "notification_template_id": "00000000-0000-0000-0000-000000000000",
    "user_id": "00000000-0000-0000-0000-000000000000",
    "user_email": "bobby@coder.com",
    "user_name": "Bobby",
    "user_username": "bobby",
    "actions": [],
    "labels": {
      "initiator": "rob",
      "suspended_account_name": "bobby"
    },
    "data": null,
    "targets": null
  },
  "title": "Your account \"bobby\" has been suspended",
  "title_markdown": "Your account \"bobby\" has been suspended",
  "body": "Your account bobby has been suspended by rob.",
  "body_markdown": "Your account **bobby** has been suspended by **rob**."
}