{
  "_version": "1.1",
  "msg_id": "00000000-0000-0000-0000-000000000000",
  "payload": {
    "_version": "1.2",
    "notification_name": "User account created",
    "notification_template_id": "00000000-0000-0000-0000-000000000000",
    "user_id": "00000000-0000-0000-0000-000000000000",
    "user_email": "bobby@coder.com",
    "user_name": "Bobby",
    "user_username": "bobby",
    "actions": [
      {
        "label": "View accounts",
        "url": "http://test.com/deployment/users?filter=status%3Aactive"
      }
    ],
    "labels": {
      "created_account_name": "bobby",
      "created_account_user_name": "William Tables",
      "initiator": "rob"
    },
    "data": null,
    "targets": null
  },
  "title": "User account \"bobby\" created",
  "title_markdown": "User account \"bobby\" created",
  "body": "New user account bobby has been created.\n\nThis new user account was created for William Tables by rob.",
  "body_markdown": "New user account **bobby** has been created.\n\nThis new user account was created for **William Tables** by **rob**."
}