{
  "_version": "1.1",
  "msg_id": "00000000-0000-0000-0000-000000000000",
  "payload": {
    "_version": "1.1",
    "notification_name": "Workspace Autobuild Failed",
    "notification_template_id": "00000000-0000-0000-0000-000000000000",
    "user_id": "00000000-0000-0000-0000-000000000000",
    "user_email": "bobby@coder.com",
    "user_name": "Bobby",
    "user_username": "bobby",
    "actions": [
      {
        "label": "View workspace",
        "url": "http://test.com/@bobby/bobby-workspace"
      }
    ],
    "labels": {
      "name": "bobby-workspace",
      "reason": "autostart"
    },
    "data": null,
    "targets": null
  },
  "title": "Workspace \"bobby-workspace\" autobuild failed",
  "title_markdown": "Workspace \"bobby-workspace\" autobuild failed",
  "body": "Automatic build of your workspace bobby-workspace failed.\n\nThe specified reason was \"autostart\".",
  "body_markdown": "Automatic build of your workspace **bobby-workspace** failed.\n\nThe specified reason was \"**autostart**\"."
}