{
  "_version": "1.1",
  "msg_id": "00000000-0000-0000-0000-000000000000",
  "payload": {
    "_version": "1.1",
    "notification_name": "Workspace Created",
    "notification_template_id": "00000000-0000-0000-0000-000000000000",
    "user_id": "00000000-0000-0000-0000-000000000000",
    "user_email": "bobby@coder.com",
    "user_name": "Bobby",
    "user_username": "bobby",
    "actions": [
      {
        "label": "View workspace",
        "url": "http://test.com/@bobby/bobby-workspace"
      }
    ],
    "labels": {
      "template": "bobby-template",
      "version": "alpha",
      "workspace": "bobby-workspace"
    },
    "data": null,
    "targets": null
  },
  "title": "Workspace 'bobby-workspace' has been created",
  "title_markdown": "Workspace 'bobby-workspace' has been created",
  "body": "Hello Bobby,\n\nThe workspace bobby-workspace has been created from the template bobby-template using version alpha.",
  "body_markdown": "Hello Bobby,\n\nThe workspace **bobby-workspace** has been created from the template **bobby-template** using version **alpha**."
}