{
  "_version": "1.1",
  "msg_id": "a7084e57-fd18-4bb8-9320-63060592f7aa",
  "payload": {
    "_version": "1.1",
    "notification_name": "Your account has been activated",
    "notification_template_id": "1a6a6bea-ee0a-43e2-9e7c-eabdb53730e4",
    "user_id": "7b7cc6a1-29d5-4d5e-8b33-3810346885fe",
    "user_email": "bobby@coder.com",
    "user_name": "Bobby",
    "user_username": "bobby",
    "actions": [
      {
        "label": "Open Coder",
        "url": "http://test.com"
      }
    ],
    "labels": {
      "account_activator_user_name": "rob",
      "activated_account_name": "bobby"
    },
    "data": null
  },
  "title": "Your account \"bobby\" has been activated",
  "title_markdown": "Your account \"bobby\" has been activated",
  "body": "Hi Bobby,\n\nYour account bobby has been activated by rob.",
  "body_markdown": "Hi Bobby,\n\nYour account **bobby** has been activated by **rob**."
}