{
  "_version": "1.1",
  "msg_id": "00000000-0000-0000-0000-000000000000",
  "payload": {
    "_version": "1.2",
    "notification_name": "User account suspended",
    "notification_template_id": "00000000-0000-0000-0000-000000000000",
    "user_id": "00000000-0000-0000-0000-000000000000",
    "user_email": "bobby@coder.com",
    "user_name": "Bobby",
    "user_username": "bobby",
    "actions": [
      {
        "label": "View suspended accounts",
        "url": "http://test.com/deployment/users?filter=status%3Asuspended"
      }
    ],
    "labels": {
      "account_type": "service",
      "initiator": "rob",
      "suspended_account_name": "ci-bot",
      "suspended_account_user_name": "CI Bot"
    },
    "data": null,
    "targets": null
  },
  "title": "Service account \"ci-bot\" suspended",
  "title_markdown": "Service account \"ci-bot\" suspended",
  "body": "Service account ci-bot has been suspended.\n\nThe account belongs to CI Bot and it was suspended by rob.",
  "body_markdown": "Service account **ci-bot** has been suspended.\n\nThe account belongs to **CI Bot** and it was suspended by **rob**."
}