{
  "_version": "1.1",
  "msg_id": "00000000-0000-0000-0000-000000000000",
  "payload": {
    "_version": "1.2",
    "notification_name": "User Approaching AI Budget Limit",
    "notification_template_id": "00000000-0000-0000-0000-000000000000",
    "user_id": "00000000-0000-0000-0000-000000000000",
    "user_email": "bobby@coder.com",
    "user_name": "Bobby",
    "user_username": "bobby",
    "actions": [
      {
        "label": "Manage user AI budget",
        "url": "http://test.com/organizations/coder/groups/Engineering?filter=alice"
      }
    ],
    "labels": {
      "effective_group_name": "Engineering",
      "limit": "$1000.00",
      "limit_source": "group",
      "organization_name": "coder",
      "period": "monthly",
      "period_end": "August 1, 2026",
      "period_start": "July 1, 2026",
      "threshold": "85",
      "username": "alice"
    },
    "data": {},
    "targets": null
  },
  "title": "alice is approaching their monthly AI budget limit",
  "title_markdown": "alice is approaching their monthly AI budget limit",
  "body": "User alice has used more than 85% of their monthly AI budget ($1000.00).\n\nEffective group: Engineering\n\nAI budget period: July 1, 2026 - August 1, 2026\n\nHow to configure AI budgets (https://coder.com/docs/ai-coder/ai-gateway/cost-controls#budget)",
  "body_markdown": "User **alice** has used more than 85% of their monthly AI budget ($1000.00).\n\nEffective group: **Engineering**\n\nAI budget period: July 1, 2026 - August 1, 2026\n\n[How to configure AI budgets](https://coder.com/docs/ai-coder/ai-gateway/cost-controls#budget)"
}