{
  "_version": "1.1",
  "msg_id": "f14e06d6-0798-4027-9b05-a1c818a02099",
  "payload": {
    "_version": "1.1",
    "notification_name": "Workspace Deleted",
    "notification_template_id": "f517da0b-cdc9-410f-ab89-a86107c420ed",
    "user_id": "78daa6f4-11d6-4d81-a8d4-87a335730c08",
    "user_email": "bobby@coder.com",
    "user_name": "Bobby",
    "user_username": "bobby",
    "actions": [
      {
        "label": "View workspaces",
        "url": "http://test.com/workspaces"
      },
      {
        "label": "View templates",
        "url": "http://test.com/templates"
      }
    ],
    "labels": {
      "initiator": "autobuild",
      "name": "bobby-workspace",
      "reason": "autodeleted due to dormancy"
    },
    "data": null
  },
  "title": "Workspace \"bobby-workspace\" deleted",
  "title_markdown": "Workspace \"bobby-workspace\" deleted",
  "body": "Hi Bobby,\n\nYour workspace bobby-workspace was deleted.\n\nThe specified reason was \"autodeleted due to dormancy (autobuild)\".",
  "body_markdown": "Hi Bobby,\n\nYour workspace **bobby-workspace** was deleted.\n\nThe specified reason was \"**autodeleted due to dormancy (autobuild)**\"."
}