┌─────────────────────────────────────────────────────────────────────────────────────────────────────────────────────────────────────────────────────────────┐
│ RESOURCE                                                                                     STATUS       HEALTH     VERSION  ACCESS                        │
├─────────────────────────────────────────────────────────────────────────────────────────────────────────────────────────────────────────────────────────────┤
│ compute.main                                                                                                                                                │
│ └─ main (linux, amd64)                                                                       ⦿ connected  ✔ healthy  v2.15.0  coder ssh test-workspace.main │
│    └─ Devcontainers                                                                                                                                         │
│       └─ long-error-dev                                                                      ✘ error                                                        │
│          × Failed to build devcontainer: dockerfile parse error at line 25: unknown instru…                                                                 │
└─────────────────────────────────────────────────────────────────────────────────────────────────────────────────────────────────────────────────────────────┘
