┌──────────────────────────────────────────────────────────────────────────────────────────────────┐
│ RESOURCE                          STATUS       HEALTH     VERSION  ACCESS                        │
├──────────────────────────────────────────────────────────────────────────────────────────────────┤
│ compute.main                                                                                     │
│ └─ main (linux, amd64)            ⦿ connected  ✔ healthy  v2.15.0  coder ssh test-workspace.main │
│    └─ Devcontainers                                                                              │
│       └─ api-dev [clever_darwin]  ⏹ stopped                                                      │
└──────────────────────────────────────────────────────────────────────────────────────────────────┘
