{
  "Resources": [
    {
      "name": "dev",
      "type": "null_resource",
      "agents": [
        {
          "id": "a473b114-4674-4cba-b833-3c484833ffbc",
          "name": "main",
          "operating_system": "linux",
          "architecture": "amd64",
          "Auth": {
            "Token": "54761b57-e263-485b-b64b-67c6c0837cdf"
          },
          "connection_timeout_seconds": 120,
          "display_apps": {
            "vscode": true,
            "web_terminal": true,
            "ssh_helper": true,
            "port_forwarding_helper": true
          },
          "resources_monitoring": {},
          "api_key_scope": "all"
        }
      ]
    }
  ],
  "Parameters": [],
  "Presets": [],
  "ExternalAuthProviders": [
    {
      "id": "github"
    },
    {
      "id": "gitlab",
      "optional": true
    }
  ],
  "AITasks": [],
  "HasAITasks": false,
  "HasExternalAgents": false
}
