---
# Source: coder-ai-gateway/templates/extra-templates.yaml
apiVersion: v1
kind: ConfigMap
metadata:
  name: 'coder-ai-gateway-extra'
data:
  release: 'ai-gateway'
---
# Source: coder-ai-gateway/templates/extra-templates.yaml
apiVersion: v1
data:
  namespace: 'default'
kind: ConfigMap
metadata:
  name: 'coder-ai-gateway-object'
---
# Source: coder-ai-gateway/templates/service.yaml
apiVersion: v1
kind: Service
metadata:
  name: coder-ai-gateway
  namespace: default
  labels:
    helm.sh/chart: coder-ai-gateway-0.1.0
    app.kubernetes.io/name: coder-ai-gateway
    app.kubernetes.io/instance: ai-gateway
    app.kubernetes.io/part-of: coder-ai-gateway
    app.kubernetes.io/version: "0.1.0"
    app.kubernetes.io/managed-by: Helm
spec:
  type: ClusterIP
  sessionAffinity: None
  selector:
    app.kubernetes.io/name: coder-ai-gateway
    app.kubernetes.io/instance: ai-gateway
  ports:
    - name: http
      port: 80
      targetPort: http
      protocol: TCP
---
# Source: coder-ai-gateway/templates/aigateway.yaml
---
apiVersion: apps/v1
kind: Deployment
metadata:
  annotations:
    deployment.example.com/reloader: enabled
  labels:
    app.kubernetes.io/instance: ai-gateway
    app.kubernetes.io/managed-by: Helm
    app.kubernetes.io/name: coder-ai-gateway
    app.kubernetes.io/part-of: coder-ai-gateway
    app.kubernetes.io/version: 0.1.0
    helm.sh/chart: coder-ai-gateway-0.1.0
    team: ai
  name: coder-ai-gateway
  namespace: default
spec:
  replicas: 1
  selector:
    matchLabels:
      app.kubernetes.io/instance: ai-gateway
      app.kubernetes.io/name: coder-ai-gateway
  strategy:
    rollingUpdate:
      maxSurge: 1
      maxUnavailable: 0
    type: RollingUpdate
  template:
    metadata:
      annotations:
        app.kubernetes.io/component: ai-gateway
        example.com/reload: ai-gateway-key
        prometheus.io/port: "2112"
        prometheus.io/scrape: "true"
      labels:
        app.kubernetes.io/instance: ai-gateway
        app.kubernetes.io/managed-by: Helm
        app.kubernetes.io/name: coder-ai-gateway
        app.kubernetes.io/part-of: coder-ai-gateway
        app.kubernetes.io/version: 0.1.0
        helm.sh/chart: coder-ai-gateway-0.1.0
        workload: gateway
    spec:
      affinity:
        podAntiAffinity:
          preferredDuringSchedulingIgnoredDuringExecution:
          - podAffinityTerm:
              topologyKey: kubernetes.io/hostname
            weight: 100
      automountServiceAccountToken: false
      containers:
      - args:
        - ai-gateway
        - start
        command:
        - /opt/coder
        env:
        - name: CODER_AI_GATEWAY_HTTP_ADDRESS
          value: 0.0.0.0:4001
        - name: CODER_AI_GATEWAY_KEY_FILE
          value: /etc/coder/ai-gateway-auth/key
        - name: CODER_URL
          value: http://coder.default.svc.cluster.local:80
        - name: CODER_PROMETHEUS_ENABLE
          value: "true"
        - name: CODER_PROMETHEUS_ADDRESS
          value: 0.0.0.0:2112
        - name: CODER_VERBOSE
          value: "true"
        envFrom:
        - configMapRef:
            name: gateway-config
        image: ghcr.io/coder/coder:v2.30.0
        imagePullPolicy: Always
        lifecycle: {}
        name: coder
        ports:
        - containerPort: 4001
          name: http
          protocol: TCP
        - containerPort: 2112
          name: metrics
          protocol: TCP
        readinessProbe:
          failureThreshold: 6
          httpGet:
            path: /readyz
            port: http
            scheme: HTTP
          initialDelaySeconds: 4
          periodSeconds: 5
          successThreshold: 1
          timeoutSeconds: 2
        resources:
          limits:
            memory: 512Mi
          requests:
            cpu: 100m
            memory: 128Mi
        securityContext:
          allowPrivilegeEscalation: false
          runAsGroup: 1000
          runAsNonRoot: true
          runAsUser: 1000
          seccompProfile:
            type: RuntimeDefault
        startupProbe:
          failureThreshold: 12
          httpGet:
            path: /healthz
            port: http
            scheme: HTTP
          initialDelaySeconds: 3
          periodSeconds: 5
          successThreshold: 1
          timeoutSeconds: 2
        volumeMounts:
        - mountPath: /etc/coder/ai-gateway-auth
          name: ai-gateway-auth
          readOnly: true
        - mountPath: /tmp/gateway
          name: scratch
      imagePullSecrets:
      - name: registry
      initContainers:
      - command:
        - sh
        - -c
        - "true"
        image: busybox:1.36
        name: init
      nodeSelector:
        kubernetes.io/os: linux
      priorityClassName: important
      restartPolicy: Always
      securityContext:
        fsGroup: 1000
      serviceAccountName: workload-identity
      terminationGracePeriodSeconds: 330
      tolerations:
      - effect: NoSchedule
        key: dedicated
        operator: Equal
        value: ai
      topologySpreadConstraints:
      - labelSelector:
          matchLabels:
            app.kubernetes.io/component: ai-gateway
        maxSkew: 1
        topologyKey: topology.kubernetes.io/zone
        whenUnsatisfiable: ScheduleAnyway
      volumes:
      - name: ai-gateway-auth
        secret:
          items:
          - key: key
            path: key
          secretName: ai-gateway-key
      - emptyDir: {}
        name: scratch
