---
# Source: coder-ai-gateway/templates/aigateway.yaml
apiVersion: v1
automountServiceAccountToken: false
kind: ServiceAccount
metadata:
  annotations: {}
  labels:
    app.kubernetes.io/instance: ai-gateway
    app.kubernetes.io/managed-by: Helm
    app.kubernetes.io/name: coder-ai-gateway
    app.kubernetes.io/part-of: coder-ai-gateway
    app.kubernetes.io/version: 0.1.0
    helm.sh/chart: coder-ai-gateway-0.1.0
  name: coder-ai-gateway
  namespace: default
---
# Source: coder-ai-gateway/templates/service.yaml
apiVersion: v1
kind: Service
metadata:
  name: coder-ai-gateway
  namespace: default
  labels:
    helm.sh/chart: coder-ai-gateway-0.1.0
    app.kubernetes.io/name: coder-ai-gateway
    app.kubernetes.io/instance: ai-gateway
    app.kubernetes.io/part-of: coder-ai-gateway
    app.kubernetes.io/version: "0.1.0"
    app.kubernetes.io/managed-by: Helm
spec:
  type: ClusterIP
  sessionAffinity: None
  selector:
    app.kubernetes.io/name: coder-ai-gateway
    app.kubernetes.io/instance: ai-gateway
  ports:
    - name: http
      port: 80
      targetPort: http
      protocol: TCP
---
# Source: coder-ai-gateway/templates/aigateway.yaml
apiVersion: apps/v1
kind: Deployment
metadata:
  annotations: {}
  labels:
    app.kubernetes.io/instance: ai-gateway
    app.kubernetes.io/managed-by: Helm
    app.kubernetes.io/name: coder-ai-gateway
    app.kubernetes.io/part-of: coder-ai-gateway
    app.kubernetes.io/version: 0.1.0
    helm.sh/chart: coder-ai-gateway-0.1.0
  name: coder-ai-gateway
  namespace: default
spec:
  replicas: 1
  selector:
    matchLabels:
      app.kubernetes.io/instance: ai-gateway
      app.kubernetes.io/name: coder-ai-gateway
  strategy:
    rollingUpdate:
      maxSurge: 1
      maxUnavailable: 0
    type: RollingUpdate
  template:
    metadata:
      annotations:
        app.kubernetes.io/component: ai-gateway
      labels:
        app.kubernetes.io/instance: ai-gateway
        app.kubernetes.io/managed-by: Helm
        app.kubernetes.io/name: coder-ai-gateway
        app.kubernetes.io/part-of: coder-ai-gateway
        app.kubernetes.io/version: 0.1.0
        helm.sh/chart: coder-ai-gateway-0.1.0
    spec:
      automountServiceAccountToken: false
      containers:
      - args:
        - ai-gateway
        - start
        command:
        - /opt/coder
        env:
        - name: CODER_AI_GATEWAY_HTTP_ADDRESS
          value: 0.0.0.0:4001
        - name: CODER_AI_GATEWAY_KEY_FILE
          value: /etc/coder/ai-gateway-auth/key
        - name: CODER_PROMETHEUS_ENABLE
          value: "true"
        - name: CODER_PROMETHEUS_ADDRESS
          value: 0.0.0.0:2112
        - name: CODER_AI_GATEWAY_TLS_CERT_FILE
          value: /etc/coder/ai-gateway-listener/tls.crt
        - name: CODER_AI_GATEWAY_TLS_KEY_FILE
          value: /etc/coder/ai-gateway-listener/tls.key
        - name: CODER_URL
          value: http://coder.default.svc.cluster.local:80
        image: ghcr.io/coder/coder:v2.36.0
        imagePullPolicy: IfNotPresent
        lifecycle: {}
        name: coder
        ports:
        - containerPort: 4001
          name: http
          protocol: TCP
        - containerPort: 2112
          name: metrics
          protocol: TCP
        readinessProbe:
          httpGet:
            path: /readyz
            port: http
            scheme: HTTPS
          initialDelaySeconds: 0
        resources:
          requests:
            cpu: "1"
            memory: 1Gi
        securityContext:
          allowPrivilegeEscalation: false
          runAsGroup: 1000
          runAsNonRoot: true
          runAsUser: 1000
          seccompProfile:
            type: RuntimeDefault
        volumeMounts:
        - mountPath: /etc/coder/ai-gateway-auth
          name: ai-gateway-auth
          readOnly: true
        - mountPath: /etc/coder/ai-gateway-listener
          name: ai-gateway-listener
          readOnly: true
      restartPolicy: Always
      serviceAccountName: coder-ai-gateway
      terminationGracePeriodSeconds: 330
      volumes:
      - name: ai-gateway-auth
        secret:
          items:
          - key: key
            path: key
          secretName: ai-gateway-key
      - name: ai-gateway-listener
        secret:
          items:
          - key: tls.crt
            path: tls.crt
          - key: tls.key
            path: tls.key
          secretName: listener-tls
---
# Source: coder-ai-gateway/templates/ingress.yaml
apiVersion: networking.k8s.io/v1
kind: Ingress
metadata:
  name: coder-ai-gateway
  namespace: default
  labels:
    helm.sh/chart: coder-ai-gateway-0.1.0
    app.kubernetes.io/name: coder-ai-gateway
    app.kubernetes.io/instance: ai-gateway
    app.kubernetes.io/part-of: coder-ai-gateway
    app.kubernetes.io/version: "0.1.0"
    app.kubernetes.io/managed-by: Helm
spec:
  rules:
    - host: "ai.example.com"
      http:
        paths:
          - path: /
            pathType: Prefix
            backend:
              service:
                name: coder-ai-gateway
                port:
                  number: 80
