{
  "Resources": [
    {
      "name": "dev",
      "type": "null_resource",
      "agents": [
        {
          "id": "3cfcce3a-fd15-46b7-8b05-010d6b016e3d",
          "name": "main",
          "operating_system": "linux",
          "architecture": "amd64",
          "Auth": {
            "Token": "288ee24b-b943-4b5f-a4c8-a37847e0eaca"
          },
          "connection_timeout_seconds": 120,
          "display_apps": {
            "vscode": true,
            "web_terminal": true,
            "ssh_helper": true,
            "port_forwarding_helper": true
          },
          "resources_monitoring": {},
          "devcontainers": [
            {
              "workspace_folder": "/workspace1",
              "name": "dev1",
              "id": "3a6263e5-5bb3-4f8e-9359-bcacf9914901",
              "subagent_id": "32813566-6883-4cee-b886-64b53e849261"
            },
            {
              "workspace_folder": "/workspace2",
              "config_path": "/workspace2/.devcontainer/devcontainer.json",
              "name": "dev2",
              "id": "0f399824-acfe-49b6-96a4-acbcdf9d77ee",
              "subagent_id": "9857a022-cc3c-44c1-86bf-91c123b4f750"
            }
          ],
          "api_key_scope": "all"
        }
      ]
    },
    {
      "name": "dev1",
      "type": "coder_devcontainer"
    },
    {
      "name": "dev2",
      "type": "coder_devcontainer"
    }
  ],
  "Parameters": [],
  "Presets": [],
  "ExternalAuthProviders": [],
  "AITasks": [],
  "HasAITasks": false,
  "HasExternalAgents": false
}
