{
  "Resources": [
    {
      "name": "dev",
      "type": "null_resource",
      "agents": [
        {
          "id": "a3b1ca42-32a5-4b73-ba55-22c7fc224994",
          "name": "main",
          "operating_system": "linux",
          "architecture": "amd64",
          "Auth": {
            "Token": "8fc50b2d-7dbd-4d13-8a4b-8530e69a3ae7"
          },
          "connection_timeout_seconds": 120,
          "display_apps": {
            "vscode": true,
            "web_terminal": true,
            "ssh_helper": true,
            "port_forwarding_helper": true
          },
          "resources_monitoring": {},
          "devcontainers": [
            {
              "workspace_folder": "/workspace1",
              "name": "dev1",
              "id": "57082e55-29e5-4a97-aef7-ca1889f4d8e0",
              "subagent_id": "7982c963-c045-4cd3-9d56-e73e0c695832"
            },
            {
              "workspace_folder": "/workspace2",
              "config_path": "/workspace2/.devcontainer/devcontainer.json",
              "name": "dev2",
              "id": "eb653ee6-d974-40be-941b-311e4e778e3e",
              "subagent_id": "63d6aa70-da0a-402a-85d3-fb99576138fd"
            }
          ],
          "api_key_scope": "all"
        }
      ]
    },
    {
      "name": "dev1",
      "type": "coder_devcontainer"
    },
    {
      "name": "dev2",
      "type": "coder_devcontainer"
    }
  ],
  "Parameters": [],
  "Presets": [],
  "ExternalAuthProviders": [],
  "AITasks": [],
  "HasAITasks": false,
  "HasExternalAgents": false
}
