{
  "Resources": [
    {
      "name": "dev",
      "type": "coder_devcontainer"
    },
    {
      "name": "dev",
      "type": "null_resource",
      "agents": [
        {
          "id": "95648433-e443-4d8b-a62f-28b13f3f42e2",
          "name": "main",
          "operating_system": "linux",
          "architecture": "amd64",
          "Auth": {
            "Token": "8a231d17-4c88-431d-917f-a2fa79fbf0a4"
          },
          "connection_timeout_seconds": 120,
          "display_apps": {
            "vscode": true,
            "web_terminal": true,
            "ssh_helper": true,
            "port_forwarding_helper": true
          },
          "resources_monitoring": {},
          "devcontainers": [
            {
              "workspace_folder": "/workspace",
              "name": "dev",
              "id": "950ba79c-cb0b-499f-a6a4-ba844327671d",
              "subagent_id": "25a48306-1d28-4e13-bf4a-c5b2bd11d429",
              "apps": [
                {
                  "slug": "devcontainer-app",
                  "display_name": "devcontainer-app",
                  "open_in": 1,
                  "id": "a917a82a-fc11-9d2e-5431-cdbb8925e507"
                }
              ]
            },
            {
              "workspace_folder": "/other",
              "name": "other",
              "id": "18354399-6c6c-4823-b45c-2877fc92bf8a",
              "subagent_id": "7f54c3de-d15f-4b17-a17d-ce0fa45ef5d7"
            }
          ],
          "api_key_scope": "all"
        }
      ]
    },
    {
      "name": "other",
      "type": "coder_devcontainer"
    },
    {
      "name": "secondary",
      "type": "null_resource",
      "agents": [
        {
          "id": "49447a61-9c0e-48de-a6b4-5b99666fb928",
          "name": "secondary",
          "operating_system": "linux",
          "architecture": "amd64",
          "Auth": {
            "Token": "7b97403a-2c01-4a03-9c83-08228176fa57"
          },
          "connection_timeout_seconds": 120,
          "display_apps": {
            "vscode": true,
            "web_terminal": true,
            "ssh_helper": true,
            "port_forwarding_helper": true
          },
          "resources_monitoring": {},
          "api_key_scope": "all"
        }
      ]
    }
  ],
  "Parameters": [],
  "Presets": [],
  "ExternalAuthProviders": [],
  "AITasks": [],
  "HasAITasks": false,
  "HasExternalAgents": false
}
