{
  "Resources": [
    {
      "name": "dev",
      "type": "coder_devcontainer"
    },
    {
      "name": "dev",
      "type": "null_resource",
      "agents": [
        {
          "id": "68fa7d79-1c3f-4f2d-b47a-188338b2c622",
          "name": "main",
          "operating_system": "linux",
          "architecture": "amd64",
          "Auth": {
            "Token": "91e53d03-c264-4929-b0be-c818d8c2b11e"
          },
          "connection_timeout_seconds": 120,
          "display_apps": {
            "vscode": true,
            "web_terminal": true,
            "ssh_helper": true,
            "port_forwarding_helper": true
          },
          "resources_monitoring": {},
          "devcontainers": [
            {
              "workspace_folder": "/workspace",
              "name": "dev",
              "id": "907d5a40-3d81-4f03-9619-74cffb208750",
              "subagent_id": "5d37c7c2-931c-4bb9-8243-c1a41c85c98c",
              "apps": [
                {
                  "slug": "devcontainer-app",
                  "display_name": "devcontainer-app",
                  "open_in": 1,
                  "id": "a917a82a-fc11-9d2e-5431-cdbb8925e507"
                }
              ]
            },
            {
              "workspace_folder": "/other",
              "name": "other",
              "id": "f3ec71d7-518c-45dc-b436-fe64e4018acb",
              "subagent_id": "c04ecc9f-9920-419c-a1c0-38d989553c6a"
            }
          ],
          "api_key_scope": "all"
        }
      ]
    },
    {
      "name": "other",
      "type": "coder_devcontainer"
    },
    {
      "name": "secondary",
      "type": "null_resource",
      "agents": [
        {
          "id": "b584209b-ff90-424c-a158-7aa62ed07bf8",
          "name": "secondary",
          "operating_system": "linux",
          "architecture": "amd64",
          "Auth": {
            "Token": "8fad7f71-78d4-413c-b035-a131ff777893"
          },
          "connection_timeout_seconds": 120,
          "display_apps": {
            "vscode": true,
            "web_terminal": true,
            "ssh_helper": true,
            "port_forwarding_helper": true
          },
          "resources_monitoring": {},
          "api_key_scope": "all"
        }
      ]
    }
  ],
  "Parameters": [],
  "Presets": [],
  "ExternalAuthProviders": [],
  "AITasks": [],
  "HasAITasks": false,
  "HasExternalAgents": false
}
