{
  "report": {
    "start_time": "0001-01-01T00:00:00Z",
    "end_time": "0001-01-01T00:00:00Z",
    "template_ids": [],
    "active_users": 0,
    "apps_usage": [
      {
        "template_ids": [],
        "type": "builtin",
        "display_name": "Visual Studio Code",
        "slug": "vscode",
        "icon": "/icon/code.svg",
        "seconds": 0,
        "times_used": 0
      },
      {
        "template_ids": [],
        "type": "builtin",
        "display_name": "JetBrains",
        "slug": "jetbrains",
        "icon": "/icon/intellij.svg",
        "seconds": 0,
        "times_used": 0
      },
      {
        "template_ids": [],
        "type": "builtin",
        "display_name": "Web Terminal",
        "slug": "reconnecting-pty",
        "icon": "/icon/terminal.svg",
        "seconds": 0,
        "times_used": 0
      },
      {
        "template_ids": [],
        "type": "builtin",
        "display_name": "SSH",
        "slug": "ssh",
        "icon": "/icon/terminal.svg",
        "seconds": 0,
        "times_used": 0
      },
      {
        "template_ids": [],
        "type": "builtin",
        "display_name": "SFTP",
        "slug": "sftp",
        "icon": "/icon/terminal.svg",
        "seconds": 0,
        "times_used": 0
      }
    ],
    "parameters_usage": []
  }
}
