coder v0.0.0-devel

USAGE:
  coder provisioner keys list [flags]

  List provisioner keys in an organization

  Aliases: ls

OPTIONS:
  -O, --org string, $CODER_ORGANIZATION
          Select which organization (uuid or name) to use.

  -c, --column [created at|name|tags] (default: created at,name,tags)
          Columns to display in table output.

  -o, --output table|json (default: table)
          Output format.

———
Run `coder --help` for a list of global options.
