coder v0.0.0-devel

USAGE:
  coder provisionerd start [flags]

  Run a provisioner daemon

OPTIONS:
  -c, --cache-dir string, $CODER_CACHE_DIRECTORY (default: [cache dir])
          Directory to store cached data.

      --log-filter string-array, $CODER_PROVISIONER_DAEMON_LOG_FILTER
          Filter debug logs by matching against a given regex. Use .* to match
          all debug logs.

      --log-human string, $CODER_PROVISIONER_DAEMON_LOGGING_HUMAN (default: /dev/stderr)
          Output human-readable logs to a given file.

      --log-json string, $CODER_PROVISIONER_DAEMON_LOGGING_JSON
          Output JSON logs to a given file.

      --log-stackdriver string, $CODER_PROVISIONER_DAEMON_LOGGING_STACKDRIVER
          Output Stackdriver compatible logs to a given file.

      --name string, $CODER_PROVISIONER_DAEMON_NAME
          Name of this provisioner daemon. Defaults to the current hostname
          without FQDN.

      --poll-interval duration, $CODER_PROVISIONERD_POLL_INTERVAL (default: 1s)
          Deprecated and ignored.

      --poll-jitter duration, $CODER_PROVISIONERD_POLL_JITTER (default: 100ms)
          Deprecated and ignored.

      --psk string, $CODER_PROVISIONER_DAEMON_PSK
          Pre-shared key to authenticate with Coder server.

  -t, --tag string-array, $CODER_PROVISIONERD_TAGS
          Tags to filter provisioner jobs by.

      --verbose bool, $CODER_PROVISIONER_DAEMON_VERBOSE (default: false)
          Output debug-level logs.

———
Run `coder --help` for a list of global options.
