coder v0.0.0-devel

USAGE:
  coder provisioner keys create [flags] <name>

  Create a new provisioner key

OPTIONS:
  -O, --org string, $CODER_ORGANIZATION
          Select which organization (uuid or name) to use.

  -t, --tag string-array, $CODER_PROVISIONERD_TAGS
          Tags to filter provisioner jobs by.

———
Run `coder --help` for a list of global options.
