coder v0.0.0-devel

USAGE:
  coder server dbcrypt delete [flags]

  Delete all encrypted data from the database. THIS IS A DESTRUCTIVE OPERATION.

  Aliases: rm

OPTIONS:
      --postgres-connection-auth password|awsiamrds, $CODER_PG_CONNECTION_AUTH (default: password)
          Type of auth to use when connecting to postgres.

      --postgres-url string, $CODER_EXTERNAL_TOKEN_ENCRYPTION_POSTGRES_URL
          The connection URL for the Postgres database.

  -y, --yes bool
          Bypass prompts.

———
Run `coder --help` for a list of global options.
