coder v0.0.0-devel

[93mUSAGE:[0m
  coder server dbcrypt

  Manage database encryption.

[93mSUBCOMMANDS:[0m
    decrypt    Decrypt a previously encrypted database.
    delete     Delete all encrypted data from the database. THIS IS A
               DESTRUCTIVE OPERATION.
    rotate     Rotate database encryption keys.

———
Run `coder --help` for a list of global options.
