coder v0.0.0-devel

[93mUSAGE:[0m
  coder groups list [flags]

  List user groups

[93mOPTIONS:[0m
  [94m-[0m[94mc[0m, [94m--[0m[94mcolumn[0m string-array (default: name,display name,organization id,members,avatar url)
          Columns to display in table output. Available columns: name, display
          name, organization id, members, avatar url.

  [94m-[0m[94mo[0m, [94m--[0m[94moutput[0m string (default: table)
          Output format. Available formats: table, json.

———
Run `coder --help` for a list of global options.
