coder v0.0.0-devel

USAGE:
  coder provisionerd keys

  Manage provisioner keys

  Aliases: key

SUBCOMMANDS:
    create    Create a new provisioner key
    delete    Delete a provisioner key
    list      List provisioner keys in an organization

———
Run `coder --help` for a list of global options.
