coder v0.0.0-devel

USAGE:
  coder groups create [flags] <name>

  Create a user group

OPTIONS:
  -u, --avatar-url string, $CODER_AVATAR_URL
          Set an avatar for a group.

      --display-name string, $CODER_DISPLAY_NAME
          Optional human friendly name for the group.

———
Run `coder --help` for a list of global options.
