coder v0.0.0-devel

USAGE:
  coder groups list [flags]

  List user groups

OPTIONS:
  -c, --column string-array (default: name,display name,organization id,members,avatar url)
          Columns to display in table output. Available columns: name, display
          name, organization id, members, avatar url.

  -o, --output string (default: table)
          Output format. Available formats: table, json.

———
Run `coder --help` for a list of global options.
