{
  "Resources": [
    {
      "name": "example",
      "type": "null_resource",
      "agents": [
        {
          "name": "main",
          "operating_system": "linux",
          "architecture": "amd64",
          "Auth": {
            "Token": ""
          },
          "connection_timeout_seconds": 120,
          "display_apps": {
            "vscode": true,
            "web_terminal": true,
            "ssh_helper": true,
            "port_forwarding_helper": true
          },
          "resources_monitoring": {},
          "api_key_scope": "all"
        }
      ],
      "module_path": "module.module"
    }
  ],
  "Parameters": [],
  "Presets": [],
  "ExternalAuthProviders": [],
  "AITasks": [],
  "HasAITasks": false,
  "HasExternalAgents": false
}
