CREATED AT            LAST SEEN AT          KEY NAME  NAME                 VERSION       STATUS  TAGS                                    
====[timestamp]=====  ====[timestamp]=====  built-in  default-provisioner  v0.0.0-devel  idle    map[owner: scope:organization]          
====[timestamp]=====  ====[timestamp]=====  built-in  provisioner-1        v0.0.0        busy    map[foo:bar owner: scope:organization]  
====[timestamp]=====  ====[timestamp]=====  built-in  provisioner-3        v0.0.0        idle    map[owner: scope:organization]          
