ID                                    CREATED AT            LAST SEEN AT               NAME                 VERSION       TAGS                                    KEY NAME  STATUS   CURRENT JOB ID                        CURRENT JOB STATUS  PREVIOUS JOB ID                       PREVIOUS JOB STATUS  ORGANIZATION  
00000000-0000-0000-aaaa-000000000000  ====[timestamp]=====  ====[timestamp]=====  default-provisioner  v0.0.0-devel  map[owner: scope:organization]          built-in  idle     <nil>                                 <nil>               00000000-0000-0000-bbbb-000000000001  succeeded            Coder         
00000000-0000-0000-aaaa-000000000001  ====[timestamp]=====  ====[timestamp]=====  provisioner-1        v0.0.0        map[foo:bar owner: scope:organization]  built-in  busy     00000000-0000-0000-bbbb-000000000002  running             <nil>                                 <nil>                Coder         
00000000-0000-0000-aaaa-000000000002  ====[timestamp]=====  ====[timestamp]=====  provisioner-2        v0.0.0        map[owner: scope:organization]          built-in  offline  <nil>                                 <nil>               00000000-0000-0000-bbbb-000000000003  succeeded            Coder         
00000000-0000-0000-aaaa-000000000003  ====[timestamp]=====  ====[timestamp]=====  provisioner-3        v0.0.0        map[owner: scope:organization]          built-in  idle     <nil>                                 <nil>               <nil>                                 <nil>                Coder         
