{
  "Resources": [
    {
      "name": "dev",
      "type": "null_resource",
      "agents": [
        {
          "id": "4e71d498-6e45-40db-a2e9-0556d0ddd333",
          "name": "main",
          "operating_system": "linux",
          "architecture": "amd64",
          "Auth": {
            "Token": "cd4797b1-3400-4bcd-9772-f870669d7fce"
          },
          "connection_timeout_seconds": 120,
          "display_apps": {
            "vscode": true,
            "web_terminal": true,
            "ssh_helper": true,
            "port_forwarding_helper": true
          },
          "scripts": [
            {
              "display_name": "Module Script",
              "script": "echo module",
              "run_on_start": true,
              "resource_address": "module.module.coder_script.clone"
            },
            {
              "display_name": "Root Script",
              "script": "echo root",
              "run_on_start": true,
              "resource_address": "coder_script.root"
            }
          ],
          "resources_monitoring": {},
          "api_key_scope": "all"
        }
      ]
    }
  ],
  "Parameters": [],
  "Presets": [],
  "ExternalAuthProviders": [],
  "HasExternalAgents": false
}
