{
  "Resources": [
    {
      "name": "dev1",
      "type": "null_resource",
      "agents": [
        {
          "name": "dev1",
          "operating_system": "linux",
          "architecture": "amd64",
          "Auth": {
            "Token": ""
          },
          "connection_timeout_seconds": 120,
          "display_apps": {
            "vscode": true,
            "web_terminal": true,
            "ssh_helper": true,
            "port_forwarding_helper": true
          },
          "scripts": [
            {
              "display_name": "Foobar Script 1",
              "script": "echo foobar 1",
              "run_on_start": true
            },
            {
              "display_name": "Foobar Script 2",
              "script": "echo foobar 2",
              "run_on_start": true
            }
          ],
          "resources_monitoring": {},
          "api_key_scope": "all"
        }
      ]
    },
    {
      "name": "dev2",
      "type": "null_resource",
      "agents": [
        {
          "name": "dev2",
          "operating_system": "linux",
          "architecture": "amd64",
          "Auth": {
            "Token": ""
          },
          "connection_timeout_seconds": 120,
          "display_apps": {
            "vscode": true,
            "web_terminal": true,
            "ssh_helper": true,
            "port_forwarding_helper": true
          },
          "scripts": [
            {
              "display_name": "Foobar Script 3",
              "script": "echo foobar 3",
              "run_on_start": true
            }
          ],
          "resources_monitoring": {},
          "api_key_scope": "all"
        }
      ]
    }
  ],
  "Parameters": [],
  "Presets": [],
  "ExternalAuthProviders": [],
  "AITasks": [],
  "HasAITasks": false,
  "HasExternalAgents": false
}