/ d
/tmp d
/tmp/coder d
/tmp/coder/provisioner-0 d
/tmp/coder/provisioner-0/tf d
/tmp/coder/provisioner-0/tf/registry.terraform.io d
/tmp/coder/provisioner-0/tf/registry.terraform.io/coder d
/tmp/coder/provisioner-0/tf/registry.terraform.io/coder/coder d
/tmp/coder/provisioner-0/tf/registry.terraform.io/coder/coder/0.11.1 d
/tmp/coder/provisioner-0/tf/registry.terraform.io/coder/coder/0.11.1/darwin_arm64 d
/tmp/coder/provisioner-0/tf/registry.terraform.io/coder/coder/0.11.1/darwin_arm64/LICENSE f
/tmp/coder/provisioner-0/tf/registry.terraform.io/coder/coder/0.11.1/darwin_arm64/README.md f
/tmp/coder/provisioner-0/tf/registry.terraform.io/coder/coder/0.11.1/darwin_arm64/new_folder d
/tmp/coder/provisioner-0/tf/registry.terraform.io/coder/coder/0.11.1/darwin_arm64/new_folder/foobar.tf f
/tmp/coder/provisioner-0/tf/registry.terraform.io/coder/coder/0.11.1/darwin_arm64/terraform-provider-coder_v0.11.1 f
