{
  "Resources": [
    {
      "name": "a",
      "type": "coder_ai_task"
    },
    {
      "name": "b",
      "type": "coder_ai_task"
    }
  ],
  "Parameters": [],
  "Presets": [],
  "ExternalAuthProviders": [],
  "AITasks": [
    {
      "sidebar_app": {
        "id": "5ece4674-dd35-4f16-88c8-82e40e72e2fd"
      },
      "app_id": "5ece4674-dd35-4f16-88c8-82e40e72e2fd"
    },
    {
      "sidebar_app": {
        "id": "5ece4674-dd35-4f16-88c8-82e40e72e2fd"
      },
      "app_id": "5ece4674-dd35-4f16-88c8-82e40e72e2fd"
    }
  ],
  "HasAITasks": true,
  "HasExternalAgents": false
}